src/components/AIAgent.tsx(4,36): error TS6133: 'Sparkles' is declared but its value is never read.
src/components/AIAgent.tsx(5,3): error TS6133: 'Code' is declared but its value is never read.
src/components/AIAgent.tsx(7,3): error TS6133: 'Globe' is declared but its value is never read.
src/components/FileExplorer.tsx(6,9): error TS6133: 'FolderPlus' is declared but its value is never read.
src/components/FileExplorer.tsx(9,40): error TS6133: 'Unlock' is declared but its value is never read.
src/components/FileExplorer.tsx(10,15): error TS6133: 'History' is declared but its value is never read.
src/components/FileExplorer.tsx(11,3): error TS6133: 'Grid3x3' is declared but its value is never read.
src/components/FileExplorer.tsx(11,12): error TS6133: 'List' is declared but its value is never read.
src/components/FileExplorer.tsx(11,18): error TS6133: 'MoreVertical' is declared but its value is never read.
src/components/FileExplorer.tsx(12,3): error TS6133: 'ArrowUpRight' is declared but its value is never read.
src/components/FileExplorer.tsx(14,3): error TS6133: 'Zap' is declared but its value is never read.
src/components/FileExplorer.tsx(14,8): error TS6133: 'Cpu' is declared but its value is never read.
src/components/FileExplorer.tsx(24,5): error TS6133: 'updateFileContent' is declared but its value is never read.
src/components/FileExplorer.tsx(32,5): error TS6133: 'listDirectory' is declared but its value is never read.
src/components/FileExplorer.tsx(33,5): error TS6133: 'getCurrentDirectory' is declared but its value is never read.
src/components/FileExplorer.tsx(42,10): error TS6133: 'viewMode' is declared but its value is never read.
src/components/FileExplorer.tsx(42,20): error TS6133: 'setViewMode' is declared but its value is never read.
src/components/FileExplorer.tsx(43,18): error TS6133: 'setSortBy' is declared but its value is never read.
src/components/FileExplorer.tsx(44,21): error TS6133: 'setSortOrder' is declared but its value is never read.
src/components/FileExplorer.tsx(47,22): error TS6133: 'setShowHidden' is declared but its value is never read.
src/components/FileExplorer.tsx(51,10): error TS6133: 'showQuickActions' is declared but its value is never read.
src/components/FileExplorer.tsx(51,28): error TS6133: 'setShowQuickActions' is declared but its value is never read.
src/components/FileExplorer.tsx(52,20): error TS6133: 'setShowTags' is declared but its value is never read.
src/components/FileExplorer.tsx(53,22): error TS6133: 'setCurrentTag' is declared but its value is never read.
src/components/FileExplorer.tsx(60,9): error TS6133: 'dragCounter' is declared but its value is never read.
src/components/FileExplorer.tsx(526,32): error TS7006: Parameter 'child' implicitly has an 'any' type.
src/components/FileExplorer.tsx(729,53): error TS6133: 'parentPath' is declared but its value is never read.
src/components/FileExplorer.tsx(939,9): error TS6133: 'navigateTo' is declared but its value is never read.
src/components/FileExplorer.tsx(944,9): error TS6133: 'getCurrentDirectoryItems' is declared but its value is never read.
src/components/GitPanel.tsx(5,5): error TS6133: 'GitPullRequest' is declared but its value is never read.
src/components/GitPanel.tsx(6,5): error TS6133: 'GitMerge' is declared but its value is never read.
src/components/GitPanel.tsx(177,50): error TS2339: Property 'init' does not exist on type 'never'.
src/components/MonacoEditorWrapper.tsx(162,5): error TS6133: 'theme' is declared but its value is never read.
src/components/Preview.tsx(1,39): error TS6133: 'useCallback' is declared but its value is never read.
src/components/Preview.tsx(4,33): error TS6133: 'Maximize2' is declared but its value is never read.
src/components/Preview.tsx(4,56): error TS6133: 'Tablet' is declared but its value is never read.
src/components/Preview.tsx(5,3): error TS6133: 'Monitor' is declared but its value is never read.
src/components/Preview.tsx(5,41): error TS6133: 'ZoomIn' is declared but its value is never read.
src/components/Preview.tsx(5,49): error TS6133: 'ZoomOut' is declared but its value is never read.
src/components/Preview.tsx(6,51): error TS6133: 'Upload' is declared but its value is never read.
src/components/Preview.tsx(7,9): error TS6133: 'EyeOff' is declared but its value is never read.
src/components/Preview.tsx(9,45): error TS6133: 'Settings' is declared but its value is never read.
src/components/Preview.tsx(10,18): error TS6133: 'Clock' is declared but its value is never read.
src/components/Preview.tsx(10,33): error TS6133: 'MoreVertical' is declared but its value is never read.
src/components/Preview.tsx(11,16): error TS6133: 'CheckCircle' is declared but its value is never read.
src/components/Preview.tsx(12,42): error TS6133: 'PhoneOff' is declared but its value is never read.
src/components/Preview.tsx(13,12): error TS6133: 'VolumeX' is declared but its value is never read.
src/components/Preview.tsx(13,21): error TS6133: 'WifiOff' is declared but its value is never read.
src/components/Preview.tsx(65,18): error TS2339: Property 'vfs' does not exist on type 'OSContextType'.
src/components/Preview.tsx(65,18): error TS6133: 'vfs' is declared but its value is never read.
src/components/Preview.tsx(69,10): error TS6133: 'previewMode' is declared but its value is never read.
src/components/Preview.tsx(69,23): error TS6133: 'setPreviewMode' is declared but its value is never read.
src/components/Preview.tsx(87,10): error TS6133: 'deviceVolume' is declared but its value is never read.
src/components/Preview.tsx(87,24): error TS6133: 'setDeviceVolume' is declared but its value is never read.
src/components/Preview.tsx(89,10): error TS6133: 'screenshotHistory' is declared but its value is never read.
src/components/StatusHUD.tsx(4,3): error TS6133: 'Activity' is declared but its value is never read.
src/components/StatusHUD.tsx(4,13): error TS6133: 'Radio' is declared but its value is never read.
src/components/StatusHUD.tsx(4,35): error TS6133: 'Signal' is declared but its value is never read.
src/components/StatusHUD.tsx(5,32): error TS6133: 'Network' is declared but its value is never read.
src/components/StatusHUD.tsx(6,23): error TS6133: 'Battery' is declared but its value is never read.
src/components/StatusHUD.tsx(6,32): error TS6133: 'AlertCircle' is declared but its value is never read.
src/components/StatusHUD.tsx(7,14): error TS6133: 'Settings' is declared but its value is never read.
src/components/StatusHUD.tsx(8,3): error TS6133: 'BarChart3' is declared but its value is never read.
src/components/StatusHUD.tsx(76,37): error TS7006: Parameter 'c' implicitly has an 'any' type.
src/components/StatusHUD.tsx(76,40): error TS7006: Parameter 'child' implicitly has an 'any' type.
src/components/Terminal.tsx(169,9): error TS6133: 'isError' is declared but its value is never read.
src/context/OSContext.tsx(424,11): error TS6133: 'sourceParentId' is declared but its value is never read.
src/context/OSContext.tsx(449,9): error TS2698: Spread types may only be created from object types.
src/context/OSContext.tsx(603,15): error TS6133: 'gitService' is declared but its value is never read.
src/context/OSContext.tsx(740,13): error TS7022: 'found' implicitly has type 'any' because it does not have a type annotation and is referenced directly or indirectly in its own initializer.
src/services/SimpleFS.ts(35,23): error TS6133: 'path' is declared but its value is never read.
src/services/SimpleFS.ts(64,26): error TS6133: 'path' is declared but its value is never read.
src/services/SimpleFS.ts(68,25): error TS6133: 'target' is declared but its value is never read.
src/services/SimpleFS.ts(68,41): error TS6133: 'path' is declared but its value is never read.
src/services/SimpleFS.ts(72,23): error TS6133: 'path' is declared but its value is never read.
src/services/SimpleFS.ts(72,37): error TS6133: 'mode' is declared but its value is never read.
src/services/SimpleFS.ts(121,15): error TS6133: 'path' is declared but its value is never read.
